// Jest Snapshot v1, https://goo.gl/fbAQLP

exports[`App matches previous snapshot 1`] = `null`;
