// Jest Snapshot v1, https://goo.gl/fbAQLP

exports[`Home matches previous snapshot 1`] = `
<div>
  <h1>
    Home here
  </h1>
</div>
`;
