// Jest Snapshot v1, https://goo.gl/fbAQLP

exports[`Login matches previous snapshot 1`] = `
<div
  className="sc-bdVaJa dvAieK"
>
  <form
    action=""
  >
    <input
      type="text"
    />
    <button
      type="submit"
    >
      Submit
    </button>
  </form>
</div>
`;
