// Jest Snapshot v1, https://goo.gl/fbAQLP

exports[`PrivateRoute matches previous snapshot 1`] = `null`;
